/home/lrj/anaconda3/envs/ped_intent/lib/python3.10/site-packages/torch/nn/modules/transformer.py:379: UserWarning: enable_nested_tensor is True, but self.use_nested_tensor is False because encoder_layer.norm_first was True
  warnings.warn(
SOURCE FORWARD zara1 ett_sr seed=42 n=3728 attention_context_diff=0
SOURCE FORWARD zara1 emt_sr seed=123 n=3728 attention_context_diff=0
/home/lrj/anaconda3/envs/ped_intent/lib/python3.10/site-packages/torch/nn/modules/transformer.py:379: UserWarning: enable_nested_tensor is True, but self.use_nested_tensor is False because encoder_layer.norm_first was True
  warnings.warn(
SOURCE FORWARD zara1 ett_sr seed=123 n=3728 attention_context_diff=0
SOURCE FORWARD zara1 emt_sr seed=2024 n=3728 attention_context_diff=0
SOURCE FORWARD zara1 ett_sr seed=2024 n=3728 attention_context_diff=0
SOURCE FORWARD zara2 emt_sr seed=42 n=3360 attention_context_diff=0
SOURCE FORWARD zara2 ett_sr seed=42 n=3360 attention_context_diff=0
SOURCE FORWARD zara2 emt_sr seed=123 n=3360 attention_context_diff=0
SOURCE FORWARD zara2 ett_sr seed=123 n=3360 attention_context_diff=0
SOURCE FORWARD zara2 emt_sr seed=2024 n=3360 attention_context_diff=0
SOURCE FORWARD zara2 ett_sr seed=2024 n=3360 attention_context_diff=0
SOCIAL DISTRIBUTION AUDIT COMPLETE: 30 frozen source forwards; no trajectory training
SOCIAL DENSITY SHIFT: SUPPORTED
SOCIAL DISTANCE SHIFT: SUPPORTED
RELATIVE-MOTION SHIFT: SUPPORTED
ATTENTION RESPONSE SHIFT: SUPPORTED
RESIDUAL RESPONSE SHIFT: SUPPORTED
PRIMARY SHIFT FACTOR: neighbor_count
