SOURCE FORWARD eth emt_sr seed=42 n=3966 attention_context_diff=0
/home/lrj/anaconda3/envs/ped_intent/lib/python3.10/site-packages/torch/nn/modules/transformer.py:379: UserWarning: enable_nested_tensor is True, but self.use_nested_tensor is False because encoder_layer.norm_first was True
  warnings.warn(
SOURCE FORWARD eth ett_sr seed=42 n=3966 attention_context_diff=0
SOURCE FORWARD eth emt_sr seed=123 n=3966 attention_context_diff=0
SOURCE FORWARD eth ett_sr seed=123 n=3966 attention_context_diff=0
SOURCE FORWARD eth emt_sr seed=2024 n=3966 attention_context_diff=0
SOURCE FORWARD eth ett_sr seed=2024 n=3966 attention_context_diff=0
SOURCE FORWARD hotel emt_sr seed=42 n=3878 attention_context_diff=0
SOURCE FORWARD hotel ett_sr seed=42 n=3878 attention_context_diff=0
SOURCE FORWARD hotel emt_sr seed=123 n=3878 attention_context_diff=0
SOURCE FORWARD hotel ett_sr seed=123 n=3878 attention_context_diff=0
SOURCE FORWARD hotel emt_sr seed=2024 n=3878 attention_context_diff=0
SOURCE FORWARD hotel ett_sr seed=2024 n=3878 attention_context_diff=0
SOURCE FORWARD univ emt_sr seed=42 n=1196 attention_context_diff=0
SOURCE FORWARD univ ett_sr seed=42 n=1196 attention_context_diff=0
SOURCE FORWARD univ emt_sr seed=123 n=1196 attention_context_diff=0
SOURCE FORWARD univ ett_sr seed=123 n=1196 attention_context_diff=0
SOURCE FORWARD univ emt_sr seed=2024 n=1196 attention_context_diff=0
SOURCE FORWARD univ ett_sr seed=2024 n=1196 attention_context_diff=0
SOURCE FORWARD zara1 emt_sr seed=42 n=3728 attention_context_diff=0
Traceback (most recent call last):
  File "/home/lrj/Mamba-T/scripts/run_social_distribution_shift.py", line 95, in <module>
    args=parser.parse_args();main(args.mode,args.one_run)
  File "/home/lrj/Mamba-T/scripts/run_social_distribution_shift.py", line 72, in main
    samples,audit=extract_run(fold,model,seed)
  File "/home/lrj/anaconda3/envs/ped_intent/lib/python3.10/site-packages/torch/utils/_contextlib.py", line 116, in decorate_context
    return func(*args, **kwargs)
  File "/home/lrj/Mamba-T/scripts/social_shift_inference.py", line 102, in extract_run
    np.testing.assert_allclose(responses[name],saved[name],rtol=1e-5,atol=1e-6)
  File "/home/lrj/anaconda3/envs/ped_intent/lib/python3.10/site-packages/numpy/testing/_private/utils.py", line 1504, in assert_allclose
    assert_array_compare(compare, actual, desired, err_msg=str(err_msg),
  File "/home/lrj/anaconda3/envs/ped_intent/lib/python3.10/contextlib.py", line 79, in inner
    return func(*args, **kwds)
  File "/home/lrj/anaconda3/envs/ped_intent/lib/python3.10/site-packages/numpy/testing/_private/utils.py", line 797, in assert_array_compare
    raise AssertionError(msg)
AssertionError:
Not equal to tolerance rtol=1e-05, atol=1e-06

Mismatched elements: 1 / 3728 (0.0268%)
Max absolute difference: 3.19507768e-06
Max relative difference: 9.03388771e-05
 x: array([0.294482, 0.220836, 0.207436, ..., 0.035364, 0.038926, 0.038995])
 y: array([0.294482, 0.220836, 0.207436, ..., 0.035368, 0.038926, 0.038995])
