SOURCE FORWARD eth emt_sr seed=42 n=3966 attention_context_diff=3.76e-06
/home/lrj/anaconda3/envs/ped_intent/lib/python3.10/site-packages/torch/nn/modules/transformer.py:379: UserWarning: enable_nested_tensor is True, but self.use_nested_tensor is False because encoder_layer.norm_first was True
  warnings.warn(
Traceback (most recent call last):
  File "/home/lrj/Mamba-T/scripts/run_social_distribution_shift.py", line 95, in <module>
    args=parser.parse_args();main(args.mode,args.one_run)
  File "/home/lrj/Mamba-T/scripts/run_social_distribution_shift.py", line 72, in main
    samples,audit=extract_run(fold,model,seed)
  File "/home/lrj/anaconda3/envs/ped_intent/lib/python3.10/site-packages/torch/utils/_contextlib.py", line 116, in decorate_context
    return func(*args, **kwargs)
  File "/home/lrj/Mamba-T/scripts/social_shift_inference.py", line 78, in extract_run
    context_difference=max(context_difference,verify_attention_context(context,original['social_context']))
  File "/home/lrj/Mamba-T/scripts/social_shift_inference.py", line 36, in verify_attention_context
    torch.testing.assert_close(observed,original,rtol=1e-5,atol=1e-5)
  File "/home/lrj/anaconda3/envs/ped_intent/lib/python3.10/site-packages/torch/testing/_comparison.py", line 1530, in assert_close
    raise error_metas[0].to_error(msg)
AssertionError: Tensor-likes are not close!

Mismatched elements: 130 / 16384 (0.8%)
Greatest absolute difference: 0.01268768310546875 at index (100, 65) (up to 1e-05 allowed)
Greatest relative difference: 0.17194314301013947 at index (100, 91) (up to 1e-05 allowed)
